// Jest Snapshot v1, https://goo.gl/fbAQLP

exports[`Pruebas del componente <GifGridItem />  debe de mostrar el componente correctamente 1`] = `
<div
  className="card animate__animated animate__fadeIn animate__delay-3s"
>
  <img
    alt="Un titulo"
    src="http://localhost/img.jpg"
  />
  <p>
    Un titulo
  </p>
</div>
`;
